<?xml version="1.0" encoding="UTF-8"?>
<TestRun id="efb97ecd-6658-4ef9-8a7e-d219ad2507ca" name="latioswang@LATIOSWANG-LAP 2010-05-13 05:35:24" runUser="latioswang-lap\latioswang" xmlns="http://microsoft.com/schemas/VisualStudio/TeamTest/2010">
  <TestSettings name="Default Test Settings" id="be3b1448-b7a2-487c-991a-4443ed64eeec">
    <Deployment runDeploymentRoot="latioswang_LATIOSWANG-LAP 2010-05-13 05_35_24">
      <DeploymentItem filename="C:\Users\latioswang\Documents\Tencent Files\406436336\FileRecv\MReaderIT2\MReader\jQueryofLogin\bin\MReader.dll" />
    </Deployment>
    <Execution>
      <TestTypeSpecific />
      <AgentRule name="Execution Agents">
      </AgentRule>
    </Execution>
  </TestSettings>
  <Times creation="2010-05-13T05:35:24.0205078+08:00" queuing="2010-05-13T05:35:27.3408203+08:00" start="2010-05-13T05:35:27.5205078+08:00" finish="2010-05-13T05:35:29.1669921+08:00" />
  <ResultSummary outcome="Failed">
    <Counters total="17" executed="17" passed="15" error="0" failed="2" timeout="0" aborted="0" inconclusive="0" passedButRunAborted="0" notRunnable="0" notExecuted="0" disconnected="0" warning="0" completed="0" inProgress="0" pending="0" />
  </ResultSummary>
  <TestDefinitions>
    <UnitTest name="Register_Post_ReturnsViewIfModelStateIsInvalid" storage="c:\users\latioswang\documents\tencent files\406436336\filerecv\mreaderit2\mreader\jqueryoflogin.tests\bin\debug\mreader.tests.dll" id="e8708d75-85cf-0ff0-d3cc-9bcf67919cac">
      <Execution id="c75aa5bd-ac39-425f-9112-1298fbf38ea6" />
      <TestMethod codeBase="C:/Users/latioswang/Documents/Tencent Files/406436336/FileRecv/MReaderIT2/MReader/jQueryofLogin.Tests/bin/Debug/MReader.Tests.DLL" adapterTypeName="Microsoft.VisualStudio.TestTools.TestTypes.Unit.UnitTestAdapter, Microsoft.VisualStudio.QualityTools.Tips.UnitTest.Adapter, Version=10.0.0.0, Culture=neutral, PublicKeyToken=b03f5f7f11d50a3a" className="MReader.Tests.Controllers.AccountControllerTest, MReader.Tests, Version=1.0.0.0, Culture=neutral, PublicKeyToken=null" name="Register_Post_ReturnsViewIfModelStateIsInvalid" />
    </UnitTest>
    <UnitTest name="Register_Post_ReturnsViewIfRegistrationFails" storage="c:\users\latioswang\documents\tencent files\406436336\filerecv\mreaderit2\mreader\jqueryoflogin.tests\bin\debug\mreader.tests.dll" id="f1273d7e-1a05-c172-b760-20a4be2c4be3">
      <Execution id="59a1b950-0d62-4d9d-a3db-adbd54d0808f" />
      <TestMethod codeBase="C:/Users/latioswang/Documents/Tencent Files/406436336/FileRecv/MReaderIT2/MReader/jQueryofLogin.Tests/bin/Debug/MReader.Tests.DLL" adapterTypeName="Microsoft.VisualStudio.TestTools.TestTypes.Unit.UnitTestAdapter, Microsoft.VisualStudio.QualityTools.Tips.UnitTest.Adapter, Version=10.0.0.0, Culture=neutral, PublicKeyToken=b03f5f7f11d50a3a" className="MReader.Tests.Controllers.AccountControllerTest, MReader.Tests, Version=1.0.0.0, Culture=neutral, PublicKeyToken=null" name="Register_Post_ReturnsViewIfRegistrationFails" />
    </UnitTest>
    <UnitTest name="ChangePassword_Post_ReturnsViewIfModelStateIsInvalid" storage="c:\users\latioswang\documents\tencent files\406436336\filerecv\mreaderit2\mreader\jqueryoflogin.tests\bin\debug\mreader.tests.dll" id="45b01342-0db1-451e-c94f-7ff85e6521f5">
      <Execution id="ee3fbf60-bb1a-4eeb-8afe-392cd699955a" />
      <TestMethod codeBase="C:/Users/latioswang/Documents/Tencent Files/406436336/FileRecv/MReaderIT2/MReader/jQueryofLogin.Tests/bin/Debug/MReader.Tests.DLL" adapterTypeName="Microsoft.VisualStudio.TestTools.TestTypes.Unit.UnitTestAdapter, Microsoft.VisualStudio.QualityTools.Tips.UnitTest.Adapter, Version=10.0.0.0, Culture=neutral, PublicKeyToken=b03f5f7f11d50a3a" className="MReader.Tests.Controllers.AccountControllerTest, MReader.Tests, Version=1.0.0.0, Culture=neutral, PublicKeyToken=null" name="ChangePassword_Post_ReturnsViewIfModelStateIsInvalid" />
    </UnitTest>
    <UnitTest name="LogOn_Get_ReturnsView" storage="c:\users\latioswang\documents\tencent files\406436336\filerecv\mreaderit2\mreader\jqueryoflogin.tests\bin\debug\mreader.tests.dll" id="3938457c-4137-a45f-88a9-7211a02e268a">
      <Execution id="3e7f1efa-b013-498b-b369-2c9245f088a9" />
      <TestMethod codeBase="C:/Users/latioswang/Documents/Tencent Files/406436336/FileRecv/MReaderIT2/MReader/jQueryofLogin.Tests/bin/Debug/MReader.Tests.DLL" adapterTypeName="Microsoft.VisualStudio.TestTools.TestTypes.Unit.UnitTestAdapter, Microsoft.VisualStudio.QualityTools.Tips.UnitTest.Adapter, Version=10.0.0.0, Culture=neutral, PublicKeyToken=b03f5f7f11d50a3a" className="MReader.Tests.Controllers.AccountControllerTest, MReader.Tests, Version=1.0.0.0, Culture=neutral, PublicKeyToken=null" name="LogOn_Get_ReturnsView" />
    </UnitTest>
    <UnitTest name="ChangePassword_Get_ReturnsView" storage="c:\users\latioswang\documents\tencent files\406436336\filerecv\mreaderit2\mreader\jqueryoflogin.tests\bin\debug\mreader.tests.dll" id="d0b61edf-c5ab-4fb5-0ef3-04a12bc368c2">
      <Execution id="7349cb3a-ecf6-46f0-8fa9-f539e97e8808" />
      <TestMethod codeBase="C:/Users/latioswang/Documents/Tencent Files/406436336/FileRecv/MReaderIT2/MReader/jQueryofLogin.Tests/bin/Debug/MReader.Tests.DLL" adapterTypeName="Microsoft.VisualStudio.TestTools.TestTypes.Unit.UnitTestAdapter, Microsoft.VisualStudio.QualityTools.Tips.UnitTest.Adapter, Version=10.0.0.0, Culture=neutral, PublicKeyToken=b03f5f7f11d50a3a" className="MReader.Tests.Controllers.AccountControllerTest, MReader.Tests, Version=1.0.0.0, Culture=neutral, PublicKeyToken=null" name="ChangePassword_Get_ReturnsView" />
    </UnitTest>
    <UnitTest name="ChangePasswordSuccess_ReturnsView" storage="c:\users\latioswang\documents\tencent files\406436336\filerecv\mreaderit2\mreader\jqueryoflogin.tests\bin\debug\mreader.tests.dll" id="f53392c1-cb16-6ffa-88c0-ef337117a679">
      <Execution id="e6c0aa05-b700-4228-95c1-cd1a5386ca74" />
      <TestMethod codeBase="C:/Users/latioswang/Documents/Tencent Files/406436336/FileRecv/MReaderIT2/MReader/jQueryofLogin.Tests/bin/Debug/MReader.Tests.DLL" adapterTypeName="Microsoft.VisualStudio.TestTools.TestTypes.Unit.UnitTestAdapter, Microsoft.VisualStudio.QualityTools.Tips.UnitTest.Adapter, Version=10.0.0.0, Culture=neutral, PublicKeyToken=b03f5f7f11d50a3a" className="MReader.Tests.Controllers.AccountControllerTest, MReader.Tests, Version=1.0.0.0, Culture=neutral, PublicKeyToken=null" name="ChangePasswordSuccess_ReturnsView" />
    </UnitTest>
    <UnitTest name="LogOff_LogsOutAndRedirects" storage="c:\users\latioswang\documents\tencent files\406436336\filerecv\mreaderit2\mreader\jqueryoflogin.tests\bin\debug\mreader.tests.dll" id="14b9cb26-4252-90fc-1573-54f3b1f379b1">
      <Execution id="62bc760d-9ed1-4565-b4d0-b6ac8d288b28" />
      <TestMethod codeBase="C:/Users/latioswang/Documents/Tencent Files/406436336/FileRecv/MReaderIT2/MReader/jQueryofLogin.Tests/bin/Debug/MReader.Tests.DLL" adapterTypeName="Microsoft.VisualStudio.TestTools.TestTypes.Unit.UnitTestAdapter, Microsoft.VisualStudio.QualityTools.Tips.UnitTest.Adapter, Version=10.0.0.0, Culture=neutral, PublicKeyToken=b03f5f7f11d50a3a" className="MReader.Tests.Controllers.AccountControllerTest, MReader.Tests, Version=1.0.0.0, Culture=neutral, PublicKeyToken=null" name="LogOff_LogsOutAndRedirects" />
    </UnitTest>
    <UnitTest name="LogOn_Post_ReturnsRedirectOnSuccess_WithoutReturnUrl" storage="c:\users\latioswang\documents\tencent files\406436336\filerecv\mreaderit2\mreader\jqueryoflogin.tests\bin\debug\mreader.tests.dll" id="e219a740-5b74-74b9-b8b5-410772a1ecc4">
      <Execution id="e3157a6e-a16f-4866-9495-e0c3401cf082" />
      <TestMethod codeBase="C:/Users/latioswang/Documents/Tencent Files/406436336/FileRecv/MReaderIT2/MReader/jQueryofLogin.Tests/bin/Debug/MReader.Tests.DLL" adapterTypeName="Microsoft.VisualStudio.TestTools.TestTypes.Unit.UnitTestAdapter, Microsoft.VisualStudio.QualityTools.Tips.UnitTest.Adapter, Version=10.0.0.0, Culture=neutral, PublicKeyToken=b03f5f7f11d50a3a" className="MReader.Tests.Controllers.AccountControllerTest, MReader.Tests, Version=1.0.0.0, Culture=neutral, PublicKeyToken=null" name="LogOn_Post_ReturnsRedirectOnSuccess_WithoutReturnUrl" />
    </UnitTest>
    <UnitTest name="Index" storage="c:\users\latioswang\documents\tencent files\406436336\filerecv\mreaderit2\mreader\jqueryoflogin.tests\bin\debug\mreader.tests.dll" id="188a761d-d342-2618-8040-cff72afbd9e3">
      <Execution id="ed33e3d0-dc84-4068-a4e4-d22ab378096f" />
      <TestMethod codeBase="C:/Users/latioswang/Documents/Tencent Files/406436336/FileRecv/MReaderIT2/MReader/jQueryofLogin.Tests/bin/Debug/MReader.Tests.DLL" adapterTypeName="Microsoft.VisualStudio.TestTools.TestTypes.Unit.UnitTestAdapter, Microsoft.VisualStudio.QualityTools.Tips.UnitTest.Adapter, Version=10.0.0.0, Culture=neutral, PublicKeyToken=b03f5f7f11d50a3a" className="MReader.Tests.Controllers.HomeControllerTest, MReader.Tests, Version=1.0.0.0, Culture=neutral, PublicKeyToken=null" name="Index" />
    </UnitTest>
    <UnitTest name="LogOn_Post_ReturnsViewIfModelStateIsInvalid" storage="c:\users\latioswang\documents\tencent files\406436336\filerecv\mreaderit2\mreader\jqueryoflogin.tests\bin\debug\mreader.tests.dll" id="09f1b729-0c8b-2e40-889e-5970bc4df78e">
      <Execution id="c414f9e6-4ffc-448f-8e1e-e7d8f4730b12" />
      <TestMethod codeBase="C:/Users/latioswang/Documents/Tencent Files/406436336/FileRecv/MReaderIT2/MReader/jQueryofLogin.Tests/bin/Debug/MReader.Tests.DLL" adapterTypeName="Microsoft.VisualStudio.TestTools.TestTypes.Unit.UnitTestAdapter, Microsoft.VisualStudio.QualityTools.Tips.UnitTest.Adapter, Version=10.0.0.0, Culture=neutral, PublicKeyToken=b03f5f7f11d50a3a" className="MReader.Tests.Controllers.AccountControllerTest, MReader.Tests, Version=1.0.0.0, Culture=neutral, PublicKeyToken=null" name="LogOn_Post_ReturnsViewIfModelStateIsInvalid" />
    </UnitTest>
    <UnitTest name="Register_Post_ReturnsRedirectOnSuccess" storage="c:\users\latioswang\documents\tencent files\406436336\filerecv\mreaderit2\mreader\jqueryoflogin.tests\bin\debug\mreader.tests.dll" id="e2e851ec-86f3-2816-db7c-708a4a5ee9b2">
      <Execution id="b0a3418a-ed86-4b01-871b-feda048b2812" />
      <TestMethod codeBase="C:/Users/latioswang/Documents/Tencent Files/406436336/FileRecv/MReaderIT2/MReader/jQueryofLogin.Tests/bin/Debug/MReader.Tests.DLL" adapterTypeName="Microsoft.VisualStudio.TestTools.TestTypes.Unit.UnitTestAdapter, Microsoft.VisualStudio.QualityTools.Tips.UnitTest.Adapter, Version=10.0.0.0, Culture=neutral, PublicKeyToken=b03f5f7f11d50a3a" className="MReader.Tests.Controllers.AccountControllerTest, MReader.Tests, Version=1.0.0.0, Culture=neutral, PublicKeyToken=null" name="Register_Post_ReturnsRedirectOnSuccess" />
    </UnitTest>
    <UnitTest name="About" storage="c:\users\latioswang\documents\tencent files\406436336\filerecv\mreaderit2\mreader\jqueryoflogin.tests\bin\debug\mreader.tests.dll" id="ee4a0d42-6c74-5f64-cbcb-0fd506595a3d">
      <Execution id="d523d297-4de6-4491-8b4b-83e57511beaa" />
      <TestMethod codeBase="C:/Users/latioswang/Documents/Tencent Files/406436336/FileRecv/MReaderIT2/MReader/jQueryofLogin.Tests/bin/Debug/MReader.Tests.DLL" adapterTypeName="Microsoft.VisualStudio.TestTools.TestTypes.Unit.UnitTestAdapter, Microsoft.VisualStudio.QualityTools.Tips.UnitTest.Adapter, Version=10.0.0.0, Culture=neutral, PublicKeyToken=b03f5f7f11d50a3a" className="MReader.Tests.Controllers.HomeControllerTest, MReader.Tests, Version=1.0.0.0, Culture=neutral, PublicKeyToken=null" name="About" />
    </UnitTest>
    <UnitTest name="ChangePassword_Post_ReturnsRedirectOnSuccess" storage="c:\users\latioswang\documents\tencent files\406436336\filerecv\mreaderit2\mreader\jqueryoflogin.tests\bin\debug\mreader.tests.dll" id="4c158231-25f6-180e-a636-9608a85116a4">
      <Execution id="2632efb1-e55d-424f-839a-b87a5f81adff" />
      <TestMethod codeBase="C:/Users/latioswang/Documents/Tencent Files/406436336/FileRecv/MReaderIT2/MReader/jQueryofLogin.Tests/bin/Debug/MReader.Tests.DLL" adapterTypeName="Microsoft.VisualStudio.TestTools.TestTypes.Unit.UnitTestAdapter, Microsoft.VisualStudio.QualityTools.Tips.UnitTest.Adapter, Version=10.0.0.0, Culture=neutral, PublicKeyToken=b03f5f7f11d50a3a" className="MReader.Tests.Controllers.AccountControllerTest, MReader.Tests, Version=1.0.0.0, Culture=neutral, PublicKeyToken=null" name="ChangePassword_Post_ReturnsRedirectOnSuccess" />
    </UnitTest>
    <UnitTest name="ChangePassword_Post_ReturnsViewIfChangePasswordFails" storage="c:\users\latioswang\documents\tencent files\406436336\filerecv\mreaderit2\mreader\jqueryoflogin.tests\bin\debug\mreader.tests.dll" id="1815c4af-2d3d-890b-5aca-c2dd4ed223fb">
      <Execution id="11844d60-09ea-4252-ac69-ac62a381b938" />
      <TestMethod codeBase="C:/Users/latioswang/Documents/Tencent Files/406436336/FileRecv/MReaderIT2/MReader/jQueryofLogin.Tests/bin/Debug/MReader.Tests.DLL" adapterTypeName="Microsoft.VisualStudio.TestTools.TestTypes.Unit.UnitTestAdapter, Microsoft.VisualStudio.QualityTools.Tips.UnitTest.Adapter, Version=10.0.0.0, Culture=neutral, PublicKeyToken=b03f5f7f11d50a3a" className="MReader.Tests.Controllers.AccountControllerTest, MReader.Tests, Version=1.0.0.0, Culture=neutral, PublicKeyToken=null" name="ChangePassword_Post_ReturnsViewIfChangePasswordFails" />
    </UnitTest>
    <UnitTest name="LogOn_Post_ReturnsRedirectOnSuccess_WithReturnUrl" storage="c:\users\latioswang\documents\tencent files\406436336\filerecv\mreaderit2\mreader\jqueryoflogin.tests\bin\debug\mreader.tests.dll" id="e3128c25-9e6a-2207-c826-807918148929">
      <Execution id="a6301cf4-3873-42c2-b052-2ef4498ada4d" />
      <TestMethod codeBase="C:/Users/latioswang/Documents/Tencent Files/406436336/FileRecv/MReaderIT2/MReader/jQueryofLogin.Tests/bin/Debug/MReader.Tests.DLL" adapterTypeName="Microsoft.VisualStudio.TestTools.TestTypes.Unit.UnitTestAdapter, Microsoft.VisualStudio.QualityTools.Tips.UnitTest.Adapter, Version=10.0.0.0, Culture=neutral, PublicKeyToken=b03f5f7f11d50a3a" className="MReader.Tests.Controllers.AccountControllerTest, MReader.Tests, Version=1.0.0.0, Culture=neutral, PublicKeyToken=null" name="LogOn_Post_ReturnsRedirectOnSuccess_WithReturnUrl" />
    </UnitTest>
    <UnitTest name="LogOn_Post_ReturnsViewIfValidateUserFails" storage="c:\users\latioswang\documents\tencent files\406436336\filerecv\mreaderit2\mreader\jqueryoflogin.tests\bin\debug\mreader.tests.dll" id="0bdb757c-ac7f-4c28-e9a0-ce618512c845">
      <Execution id="18daea00-2198-4af9-8cc6-bf32c8c6129d" />
      <TestMethod codeBase="C:/Users/latioswang/Documents/Tencent Files/406436336/FileRecv/MReaderIT2/MReader/jQueryofLogin.Tests/bin/Debug/MReader.Tests.DLL" adapterTypeName="Microsoft.VisualStudio.TestTools.TestTypes.Unit.UnitTestAdapter, Microsoft.VisualStudio.QualityTools.Tips.UnitTest.Adapter, Version=10.0.0.0, Culture=neutral, PublicKeyToken=b03f5f7f11d50a3a" className="MReader.Tests.Controllers.AccountControllerTest, MReader.Tests, Version=1.0.0.0, Culture=neutral, PublicKeyToken=null" name="LogOn_Post_ReturnsViewIfValidateUserFails" />
    </UnitTest>
    <UnitTest name="Register_Get_ReturnsView" storage="c:\users\latioswang\documents\tencent files\406436336\filerecv\mreaderit2\mreader\jqueryoflogin.tests\bin\debug\mreader.tests.dll" id="73acced2-4284-4508-5358-e4d49bfc5cbd">
      <Execution id="3dce0ce4-6dc8-4ce3-b287-0d2ac27e63bd" />
      <TestMethod codeBase="C:/Users/latioswang/Documents/Tencent Files/406436336/FileRecv/MReaderIT2/MReader/jQueryofLogin.Tests/bin/Debug/MReader.Tests.DLL" adapterTypeName="Microsoft.VisualStudio.TestTools.TestTypes.Unit.UnitTestAdapter, Microsoft.VisualStudio.QualityTools.Tips.UnitTest.Adapter, Version=10.0.0.0, Culture=neutral, PublicKeyToken=b03f5f7f11d50a3a" className="MReader.Tests.Controllers.AccountControllerTest, MReader.Tests, Version=1.0.0.0, Culture=neutral, PublicKeyToken=null" name="Register_Get_ReturnsView" />
    </UnitTest>
  </TestDefinitions>
  <TestLists>
    <TestList name="Results Not in a List" id="8c84fa94-04c1-424b-9868-57a2d4851a1d" />
    <TestList name="All Loaded Results" id="19431567-8539-422a-85d7-44ee4e166bda" />
  </TestLists>
  <TestEntries>
    <TestEntry testId="d0b61edf-c5ab-4fb5-0ef3-04a12bc368c2" executionId="7349cb3a-ecf6-46f0-8fa9-f539e97e8808" testListId="8c84fa94-04c1-424b-9868-57a2d4851a1d" />
    <TestEntry testId="4c158231-25f6-180e-a636-9608a85116a4" executionId="2632efb1-e55d-424f-839a-b87a5f81adff" testListId="8c84fa94-04c1-424b-9868-57a2d4851a1d" />
    <TestEntry testId="1815c4af-2d3d-890b-5aca-c2dd4ed223fb" executionId="11844d60-09ea-4252-ac69-ac62a381b938" testListId="8c84fa94-04c1-424b-9868-57a2d4851a1d" />
    <TestEntry testId="45b01342-0db1-451e-c94f-7ff85e6521f5" executionId="ee3fbf60-bb1a-4eeb-8afe-392cd699955a" testListId="8c84fa94-04c1-424b-9868-57a2d4851a1d" />
    <TestEntry testId="f53392c1-cb16-6ffa-88c0-ef337117a679" executionId="e6c0aa05-b700-4228-95c1-cd1a5386ca74" testListId="8c84fa94-04c1-424b-9868-57a2d4851a1d" />
    <TestEntry testId="14b9cb26-4252-90fc-1573-54f3b1f379b1" executionId="62bc760d-9ed1-4565-b4d0-b6ac8d288b28" testListId="8c84fa94-04c1-424b-9868-57a2d4851a1d" />
    <TestEntry testId="3938457c-4137-a45f-88a9-7211a02e268a" executionId="3e7f1efa-b013-498b-b369-2c9245f088a9" testListId="8c84fa94-04c1-424b-9868-57a2d4851a1d" />
    <TestEntry testId="e219a740-5b74-74b9-b8b5-410772a1ecc4" executionId="e3157a6e-a16f-4866-9495-e0c3401cf082" testListId="8c84fa94-04c1-424b-9868-57a2d4851a1d" />
    <TestEntry testId="e3128c25-9e6a-2207-c826-807918148929" executionId="a6301cf4-3873-42c2-b052-2ef4498ada4d" testListId="8c84fa94-04c1-424b-9868-57a2d4851a1d" />
    <TestEntry testId="09f1b729-0c8b-2e40-889e-5970bc4df78e" executionId="c414f9e6-4ffc-448f-8e1e-e7d8f4730b12" testListId="8c84fa94-04c1-424b-9868-57a2d4851a1d" />
    <TestEntry testId="0bdb757c-ac7f-4c28-e9a0-ce618512c845" executionId="18daea00-2198-4af9-8cc6-bf32c8c6129d" testListId="8c84fa94-04c1-424b-9868-57a2d4851a1d" />
    <TestEntry testId="73acced2-4284-4508-5358-e4d49bfc5cbd" executionId="3dce0ce4-6dc8-4ce3-b287-0d2ac27e63bd" testListId="8c84fa94-04c1-424b-9868-57a2d4851a1d" />
    <TestEntry testId="e2e851ec-86f3-2816-db7c-708a4a5ee9b2" executionId="b0a3418a-ed86-4b01-871b-feda048b2812" testListId="8c84fa94-04c1-424b-9868-57a2d4851a1d" />
    <TestEntry testId="f1273d7e-1a05-c172-b760-20a4be2c4be3" executionId="59a1b950-0d62-4d9d-a3db-adbd54d0808f" testListId="8c84fa94-04c1-424b-9868-57a2d4851a1d" />
    <TestEntry testId="e8708d75-85cf-0ff0-d3cc-9bcf67919cac" executionId="c75aa5bd-ac39-425f-9112-1298fbf38ea6" testListId="8c84fa94-04c1-424b-9868-57a2d4851a1d" />
    <TestEntry testId="188a761d-d342-2618-8040-cff72afbd9e3" executionId="ed33e3d0-dc84-4068-a4e4-d22ab378096f" testListId="8c84fa94-04c1-424b-9868-57a2d4851a1d" />
    <TestEntry testId="ee4a0d42-6c74-5f64-cbcb-0fd506595a3d" executionId="d523d297-4de6-4491-8b4b-83e57511beaa" testListId="8c84fa94-04c1-424b-9868-57a2d4851a1d" />
  </TestEntries>
  <Results>
    <UnitTestResult executionId="7349cb3a-ecf6-46f0-8fa9-f539e97e8808" testId="d0b61edf-c5ab-4fb5-0ef3-04a12bc368c2" testName="ChangePassword_Get_ReturnsView" computerName="LATIOSWANG-LAP" duration="00:00:00.0859459" startTime="2010-05-13T05:35:27.5908203+08:00" endTime="2010-05-13T05:35:28.4414062+08:00" testType="13cdc9d9-ddb5-4fa4-a97d-d965ccfc6d4b" outcome="Passed" testListId="8c84fa94-04c1-424b-9868-57a2d4851a1d" relativeResultsDirectory="7349cb3a-ecf6-46f0-8fa9-f539e97e8808">
    </UnitTestResult>
    <UnitTestResult executionId="2632efb1-e55d-424f-839a-b87a5f81adff" testId="4c158231-25f6-180e-a636-9608a85116a4" testName="ChangePassword_Post_ReturnsRedirectOnSuccess" computerName="LATIOSWANG-LAP" duration="00:00:00.0129261" startTime="2010-05-13T05:35:28.4462890+08:00" endTime="2010-05-13T05:35:28.4814453+08:00" testType="13cdc9d9-ddb5-4fa4-a97d-d965ccfc6d4b" outcome="Passed" testListId="8c84fa94-04c1-424b-9868-57a2d4851a1d" relativeResultsDirectory="2632efb1-e55d-424f-839a-b87a5f81adff">
    </UnitTestResult>
    <UnitTestResult executionId="11844d60-09ea-4252-ac69-ac62a381b938" testId="1815c4af-2d3d-890b-5aca-c2dd4ed223fb" testName="ChangePassword_Post_ReturnsViewIfChangePasswordFails" computerName="LATIOSWANG-LAP" duration="00:00:00.0043706" startTime="2010-05-13T05:35:28.4873046+08:00" endTime="2010-05-13T05:35:28.5029296+08:00" testType="13cdc9d9-ddb5-4fa4-a97d-d965ccfc6d4b" outcome="Passed" testListId="8c84fa94-04c1-424b-9868-57a2d4851a1d" relativeResultsDirectory="11844d60-09ea-4252-ac69-ac62a381b938">
    </UnitTestResult>
    <UnitTestResult executionId="ee3fbf60-bb1a-4eeb-8afe-392cd699955a" testId="45b01342-0db1-451e-c94f-7ff85e6521f5" testName="ChangePassword_Post_ReturnsViewIfModelStateIsInvalid" computerName="LATIOSWANG-LAP" duration="00:00:00.0020902" startTime="2010-05-13T05:35:28.5117187+08:00" endTime="2010-05-13T05:35:28.5341796+08:00" testType="13cdc9d9-ddb5-4fa4-a97d-d965ccfc6d4b" outcome="Passed" testListId="8c84fa94-04c1-424b-9868-57a2d4851a1d" relativeResultsDirectory="ee3fbf60-bb1a-4eeb-8afe-392cd699955a">
    </UnitTestResult>
    <UnitTestResult executionId="e6c0aa05-b700-4228-95c1-cd1a5386ca74" testId="f53392c1-cb16-6ffa-88c0-ef337117a679" testName="ChangePasswordSuccess_ReturnsView" computerName="LATIOSWANG-LAP" duration="00:00:00.0004695" startTime="2010-05-13T05:35:28.5419921+08:00" endTime="2010-05-13T05:35:28.5566406+08:00" testType="13cdc9d9-ddb5-4fa4-a97d-d965ccfc6d4b" outcome="Passed" testListId="8c84fa94-04c1-424b-9868-57a2d4851a1d" relativeResultsDirectory="e6c0aa05-b700-4228-95c1-cd1a5386ca74">
    </UnitTestResult>
    <UnitTestResult executionId="62bc760d-9ed1-4565-b4d0-b6ac8d288b28" testId="14b9cb26-4252-90fc-1573-54f3b1f379b1" testName="LogOff_LogsOutAndRedirects" computerName="LATIOSWANG-LAP" duration="00:00:00.0010352" startTime="2010-05-13T05:35:28.5595703+08:00" endTime="2010-05-13T05:35:28.5781250+08:00" testType="13cdc9d9-ddb5-4fa4-a97d-d965ccfc6d4b" outcome="Passed" testListId="8c84fa94-04c1-424b-9868-57a2d4851a1d" relativeResultsDirectory="62bc760d-9ed1-4565-b4d0-b6ac8d288b28">
    </UnitTestResult>
    <UnitTestResult executionId="3e7f1efa-b013-498b-b369-2c9245f088a9" testId="3938457c-4137-a45f-88a9-7211a02e268a" testName="LogOn_Get_ReturnsView" computerName="LATIOSWANG-LAP" duration="00:00:00.0004634" startTime="2010-05-13T05:35:28.5820312+08:00" endTime="2010-05-13T05:35:28.5937500+08:00" testType="13cdc9d9-ddb5-4fa4-a97d-d965ccfc6d4b" outcome="Passed" testListId="8c84fa94-04c1-424b-9868-57a2d4851a1d" relativeResultsDirectory="3e7f1efa-b013-498b-b369-2c9245f088a9">
    </UnitTestResult>
    <UnitTestResult executionId="e3157a6e-a16f-4866-9495-e0c3401cf082" testId="e219a740-5b74-74b9-b8b5-410772a1ecc4" testName="LogOn_Post_ReturnsRedirectOnSuccess_WithoutReturnUrl" computerName="LATIOSWANG-LAP" duration="00:00:00.0038005" startTime="2010-05-13T05:35:28.5966796+08:00" endTime="2010-05-13T05:35:28.6220703+08:00" testType="13cdc9d9-ddb5-4fa4-a97d-d965ccfc6d4b" outcome="Passed" testListId="8c84fa94-04c1-424b-9868-57a2d4851a1d" relativeResultsDirectory="e3157a6e-a16f-4866-9495-e0c3401cf082">
    </UnitTestResult>
    <UnitTestResult executionId="a6301cf4-3873-42c2-b052-2ef4498ada4d" testId="e3128c25-9e6a-2207-c826-807918148929" testName="LogOn_Post_ReturnsRedirectOnSuccess_WithReturnUrl" computerName="LATIOSWANG-LAP" duration="00:00:00.0025140" startTime="2010-05-13T05:35:28.6279296+08:00" endTime="2010-05-13T05:35:28.6386718+08:00" testType="13cdc9d9-ddb5-4fa4-a97d-d965ccfc6d4b" outcome="Passed" testListId="8c84fa94-04c1-424b-9868-57a2d4851a1d" relativeResultsDirectory="a6301cf4-3873-42c2-b052-2ef4498ada4d">
    </UnitTestResult>
    <UnitTestResult executionId="c414f9e6-4ffc-448f-8e1e-e7d8f4730b12" testId="09f1b729-0c8b-2e40-889e-5970bc4df78e" testName="LogOn_Post_ReturnsViewIfModelStateIsInvalid" computerName="LATIOSWANG-LAP" duration="00:00:00.0005739" startTime="2010-05-13T05:35:28.6435546+08:00" endTime="2010-05-13T05:35:28.6523437+08:00" testType="13cdc9d9-ddb5-4fa4-a97d-d965ccfc6d4b" outcome="Passed" testListId="8c84fa94-04c1-424b-9868-57a2d4851a1d" relativeResultsDirectory="c414f9e6-4ffc-448f-8e1e-e7d8f4730b12">
    </UnitTestResult>
    <UnitTestResult executionId="18daea00-2198-4af9-8cc6-bf32c8c6129d" testId="0bdb757c-ac7f-4c28-e9a0-ce618512c845" testName="LogOn_Post_ReturnsViewIfValidateUserFails" computerName="LATIOSWANG-LAP" duration="00:00:00.0007157" startTime="2010-05-13T05:35:28.6582031+08:00" endTime="2010-05-13T05:35:28.6660156+08:00" testType="13cdc9d9-ddb5-4fa4-a97d-d965ccfc6d4b" outcome="Passed" testListId="8c84fa94-04c1-424b-9868-57a2d4851a1d" relativeResultsDirectory="18daea00-2198-4af9-8cc6-bf32c8c6129d">
    </UnitTestResult>
    <UnitTestResult executionId="3dce0ce4-6dc8-4ce3-b287-0d2ac27e63bd" testId="73acced2-4284-4508-5358-e4d49bfc5cbd" testName="Register_Get_ReturnsView" computerName="LATIOSWANG-LAP" duration="00:00:00.0013392" startTime="2010-05-13T05:35:28.6767578+08:00" endTime="2010-05-13T05:35:28.6855468+08:00" testType="13cdc9d9-ddb5-4fa4-a97d-d965ccfc6d4b" outcome="Passed" testListId="8c84fa94-04c1-424b-9868-57a2d4851a1d" relativeResultsDirectory="3dce0ce4-6dc8-4ce3-b287-0d2ac27e63bd">
    </UnitTestResult>
    <UnitTestResult executionId="b0a3418a-ed86-4b01-871b-feda048b2812" testId="e2e851ec-86f3-2816-db7c-708a4a5ee9b2" testName="Register_Post_ReturnsRedirectOnSuccess" computerName="LATIOSWANG-LAP" duration="00:00:00.0020830" startTime="2010-05-13T05:35:28.6914062+08:00" endTime="2010-05-13T05:35:28.7021484+08:00" testType="13cdc9d9-ddb5-4fa4-a97d-d965ccfc6d4b" outcome="Passed" testListId="8c84fa94-04c1-424b-9868-57a2d4851a1d" relativeResultsDirectory="b0a3418a-ed86-4b01-871b-feda048b2812">
    </UnitTestResult>
    <UnitTestResult executionId="59a1b950-0d62-4d9d-a3db-adbd54d0808f" testId="f1273d7e-1a05-c172-b760-20a4be2c4be3" testName="Register_Post_ReturnsViewIfRegistrationFails" computerName="LATIOSWANG-LAP" duration="00:00:00.0014992" startTime="2010-05-13T05:35:28.7226562+08:00" endTime="2010-05-13T05:35:28.7500000+08:00" testType="13cdc9d9-ddb5-4fa4-a97d-d965ccfc6d4b" outcome="Passed" testListId="8c84fa94-04c1-424b-9868-57a2d4851a1d" relativeResultsDirectory="59a1b950-0d62-4d9d-a3db-adbd54d0808f">
    </UnitTestResult>
    <UnitTestResult executionId="c75aa5bd-ac39-425f-9112-1298fbf38ea6" testId="e8708d75-85cf-0ff0-d3cc-9bcf67919cac" testName="Register_Post_ReturnsViewIfModelStateIsInvalid" computerName="LATIOSWANG-LAP" duration="00:00:00.0013705" startTime="2010-05-13T05:35:28.7578125+08:00" endTime="2010-05-13T05:35:28.7695312+08:00" testType="13cdc9d9-ddb5-4fa4-a97d-d965ccfc6d4b" outcome="Passed" testListId="8c84fa94-04c1-424b-9868-57a2d4851a1d" relativeResultsDirectory="c75aa5bd-ac39-425f-9112-1298fbf38ea6">
    </UnitTestResult>
    <UnitTestResult executionId="ed33e3d0-dc84-4068-a4e4-d22ab378096f" testId="188a761d-d342-2618-8040-cff72afbd9e3" testName="Index" computerName="LATIOSWANG-LAP" duration="00:00:00.2879801" startTime="2010-05-13T05:35:28.7753906+08:00" endTime="2010-05-13T05:35:29.0722656+08:00" testType="13cdc9d9-ddb5-4fa4-a97d-d965ccfc6d4b" outcome="Failed" testListId="8c84fa94-04c1-424b-9868-57a2d4851a1d" relativeResultsDirectory="ed33e3d0-dc84-4068-a4e4-d22ab378096f">
      <Output>
        <ErrorInfo>
          <Message>Test method MReader.Tests.Controllers.HomeControllerTest.Index threw exception: 
System.NullReferenceException: Object reference not set to an instance of an object.</Message>
          <StackTrace>    at MReader.BookDBDataContext..ctor() in C:\Users\latioswang\Documents\Tencent Files\406436336\FileRecv\MReaderIT2\MReader\jQueryofLogin\BookDB.designer.cs:line 38
   at MReader.Models.BookRepository..ctor() in C:\Users\latioswang\Documents\Tencent Files\406436336\FileRecv\MReaderIT2\MReader\jQueryofLogin\Models\BookRepository.cs:line 10
   at MReader.Controllers.HomeController..ctor() in C:\Users\latioswang\Documents\Tencent Files\406436336\FileRecv\MReaderIT2\MReader\jQueryofLogin\Controllers\HomeController.cs:line 14
   at MReader.Tests.Controllers.HomeControllerTest.Index() in C:\Users\latioswang\Documents\Tencent Files\406436336\FileRecv\MReaderIT2\MReader\jQueryofLogin.Tests\Controllers\HomeControllerTest.cs:line 19
</StackTrace>
        </ErrorInfo>
      </Output>
    </UnitTestResult>
    <UnitTestResult executionId="d523d297-4de6-4491-8b4b-83e57511beaa" testId="ee4a0d42-6c74-5f64-cbcb-0fd506595a3d" testName="About" computerName="LATIOSWANG-LAP" duration="00:00:00.0023590" startTime="2010-05-13T05:35:29.0869140+08:00" endTime="2010-05-13T05:35:29.0966796+08:00" testType="13cdc9d9-ddb5-4fa4-a97d-d965ccfc6d4b" outcome="Failed" testListId="8c84fa94-04c1-424b-9868-57a2d4851a1d" relativeResultsDirectory="d523d297-4de6-4491-8b4b-83e57511beaa">
      <Output>
        <ErrorInfo>
          <Message>Test method MReader.Tests.Controllers.HomeControllerTest.About threw exception: 
System.NullReferenceException: Object reference not set to an instance of an object.</Message>
          <StackTrace>    at MReader.BookDBDataContext..ctor() in C:\Users\latioswang\Documents\Tencent Files\406436336\FileRecv\MReaderIT2\MReader\jQueryofLogin\BookDB.designer.cs:line 38
   at MReader.Models.BookRepository..ctor() in C:\Users\latioswang\Documents\Tencent Files\406436336\FileRecv\MReaderIT2\MReader\jQueryofLogin\Models\BookRepository.cs:line 10
   at MReader.Controllers.HomeController..ctor() in C:\Users\latioswang\Documents\Tencent Files\406436336\FileRecv\MReaderIT2\MReader\jQueryofLogin\Controllers\HomeController.cs:line 14
   at MReader.Tests.Controllers.HomeControllerTest.About() in C:\Users\latioswang\Documents\Tencent Files\406436336\FileRecv\MReaderIT2\MReader\jQueryofLogin.Tests\Controllers\HomeControllerTest.cs:line 33
</StackTrace>
        </ErrorInfo>
      </Output>
    </UnitTestResult>
  </Results>
</TestRun>